GLIBC_2.17 {
    global:
        *;
};

GLIBC_2.34 {
    global:
        pthread_cancel;
        pthread_create;
        pthread_testcancel;
        pthread_spin_trylock;
        aio_cancel;
        aio_error;
        aio_fsync;
        aio_read;
        aio_return;
        aio_suspend;
        aio_write;
        mq_unlink;
        pthread_barrier_destroy;
        pthread_barrier_init;
        pthread_barrier_wait;
        pthread_join;
        pthread_kill;
        pthread_mutex_getprioceiling;
        pthread_mutex_trylock;
        pthread_mutexattr_destroy;
        pthread_mutexattr_gettype;
        pthread_mutexattr_init;
        pthread_mutexattr_setpshared;
        pthread_mutexattr_settype;
        pthread_rwlock_destroy;
        pthread_rwlock_init;
        pthread_rwlock_rdlock;
        pthread_rwlock_unlock;
        pthread_rwlock_wrlock;
        pthread_setschedprio;
        sem_destroy;
        sem_init;
        sem_open;
        sem_timedwait;
        sem_unlink;
        sem_wait;
        shm_open;
        shm_unlink;
} GLIBC_2.17;
